// Jest Snapshot v1, https://goo.gl/fbAQLP

exports[`Button renders correctly 1`] = `
<DocumentFragment>
  <div
    aria-label="close Modal"
    class="Backdrop"
    role="button"
    tabindex="0"
  />
  <div
    class="Modal"
    style="transform: translateY(0); opacity: 1;"
  >
    Facebook
  </div>
</DocumentFragment>
`;
